[
["fail","failed"],
["start","started"],
["prepare","prepared"],
["organize","organized"],
["conduct","conducted"],
["meet","met"],
["publish","published"],
["print","printed"],
["generate","generated"],
["download","downloaded"],
["sign","signed"],
["pay","paid"],
["shortlist","shortlisted"],
["register","registered"],
["order","ordered"],
["issue","issued"],
["open","opened"],
["close","closed"],
["require","required"],
["use", "used"],
["develop", "developed"],
["learn", "learned"],
["refer", "referred"],
["open", "opened"],
["form", "formed"],
["increase", "increased"],
["prepare", "prepared"],
["control", "controled"],
["know", "knew"],
["concern", "concerned"],
["repeat", "repeated"],
["answer", "answered"],
["decide", "decided"],
["represent", "represented"],
["perform", "performed"],
["matter", "mattered"],
["consider", "considered"],
["remember", "remembered"],
["understand", "understood"],
["arrive", "arrived"],
["apply", "applied"],
["admit", "admitted"],
["provide", "provided"],
["present", "preseted"],
["identify", "identified"],
["save", "saved"],
["share", "shared"],
["explain", "explained"],
["place", "placed"],
["charge", "charged"],
["report", "reported"],
["suggest", "suggested"],
["notice", "noticed"],
["fail", "failed"],
["receive", "received"],
["pass", "passed"],
["change", "changed"],
["present", "presented"],
["require", "required"],
["join", "joined"],
["result", "resulted"],
["study", "studied"],
["contain", "contained"],
["mark", "marked"],
["link", "linked"],
["help", "helped"],
["publish", "published"],
["pay", "paid"],
["say", "said"],
["make", "made"],
["complain", "complained"],
["begin", "began"],
["involve", "involved"],
["depend", "depended"],
["inform", "informed"],
["describe", "described"],
["start", "started"],
["introduce", "introduced"],

]