[
["fail","fails"],
["start","starts"],
["prepare","prepares"],
["organize","organizes"],
["conduct","conducts"],
["meet","meets"],
["publish","publishes"],
["print","prints"],
["generate","generates"],
["download","downloads"],
["sign","signs"],
["pay","pays"],
["shortlist","shortlists"],
["register","registers"],
["order","orders"],
["issue","issues"],
["open","opens"],
["close","closes"],
["require","requires"],
["use", "uses"],
["develop", "develops"],
["learn", "learns"],
["deal", "deals"],
["refer", "refers"],
["open", "opens"],
["form", "forms"],
["increase", "increases"],
["prepare", "prepares"],
["control", "controls"],
["know", "knows"],
["go", "goes"],
["put", "puts"],
["concern", "concerns"],
["repeat", "repeats"],
["answer", "answers"],
["decide", "decides"],
["represent", "represents"],
["perform", "performs"],
["matter", "matters"],
["consider", "considers"],
["remember", "remembers"],
["understand", "understands"],
["leave", "leaves"],
["arrive", "arrives"],
["apply", "applies"],
["admit", "admits"],
["provide", "provides"],
["preset", "presets"],
["identifie", "identifies"],
["teache", "teaches"],
["save", "saves"],
["share", "shares"],
["explain", "explains"],
["place", "places"],
["charge", "charges"],
["report", "reports"],
["suggest", "suggests"],
["notice", "notices"],
["fail", "fails"],
["receive", "receives"],
["pass", "passes"],
["change", "changes"],
["get", "gets"],
["give", "gives"],
["be", "is"],
["present", "presents"],
["require", "requires"],
["mean", "means"],
["join", "joins"],
["result", "results"],
["study", "studies"],
["contain", "contains"],
["mark", "marks"],
["link", "links"],
["help", "helps"],
["publish", "publishes"],
["pay", "pays"],
["say", "says"],
["make", "makes"],
["complain", "complains"],
["do", "does"],
["begin", "begins"],
["involve", "involves"],
["depend", "depends"],
["inform", "informs"],
["describe", "describes"],
["have", "has"],
["start", "starts"],
["introduce", "introduces"]
]