[
["fails","fail"],
["starts","start"],
["prepares","prepare"],
["organizes","organize"],
["conducts","conduct"],
["meets","meet"],
["publishes","publish"],
["prints","print"],
["generates","generate"],
["downloads","download"],
["signs","sign"],
["pays","pay"],
["shortlists","shortlist"],
["registers","register"],
["orders","order"],
["issues","issue"],
["opens","open"],
["closes","close"],
["requires","require"],
["uses", "use"],
["develops", "develop"],
["learns", "learn"],
["deals", "deal"],
["refers", "refer"],
["opens", "open"],
["forms", "form"],
["increases", "increase"],
["prepares", "prepare"],
["controls", "control"],
["knows", "know"],
["goes", "go"],
["puts", "put"],
["concerns", "concern"],
["repeats", "repeat"],
["answers", "answer"],
["decides", "decide"],
["represents", "represent"],
["performs", "perform"],
["matters", "matter"],
["considers", "consider"],
["remembers", "remember"],
["understands", "understand"],
["leaves", "leave"],
["arrives", "arrive"],
["applies", "apply"],
["admits", "admit"],
["provides", "provide"],
["presets", "preset"],
["identifies", "identify"],
["teaches", "teach"],
["saves", "save"],
["shares", "share"],
["explains", "explain"],
["places", "place"],
["charges", "charge"],
["reports", "report"],
["suggests", "suggest"],
["notices", "notice"],
["fails", "fail"],
["receives", "receive"],
["passes", "pass"],
["changes", "change"],
["gets", "get"],
["gives", "give"],
["is", "be"],
["presents", "present"],
["requires", "require"],
["means", "mean"],
["joins", "join"],
["results", "result"],
["studies", "study"],
["contains", "contain"],
["marks", "mark"],
["links", "link"],
["helps", "help"],
["publishes", "publish"],
["pays", "pay"],
["says", "say"],
["makes", "make"],
["complains", "complain"],
["does", "do"],
["begins", "begin"],
["involves", "involve"],
["depends", "depend"],
["informs", "inform"],
["describes", "describe"],
["has", "have"],
["starts", "start"],
["introduces", "introduce"]
]