[
["50","50th"],
["32","32nd"],
["31","31st"],
["30","30th"],
["29","29th"],
["28","28th"],
["27","27th"],
["26","26th"],
["25","25th"],
["24","24th"],
["23","23rd"],
["22","22nd"],
["21","21st"],
["20","20th"],
["19","19th"],
["18","18th"],
["17","17th"],
["16","16th"],
["15","15th"],
["14","14th"],
["13","13th"],
["12","12th"],
["11","11th"],
["10","10th"],
["9","9th"],
["8","8th"],
["7","7th"],
["6","6th"],
["5","5th"],
["4","4th"],
["3","3rd"],
["2","2nd"],
["1","1st"],
["50","Fiftieth"]
["32","Thirty second"],
["31","Thirty first"],
["30","Thirtieth"],
["29","Twenty ninth"],
["28","Twenty eighth"],
["27","Twenty seventh"],
["26","Twenty sixth"],
["25","Twenty fifth"],
["24","Twenty fourth"],
["23","Twenty third"],
["22","Twenty second"],
["21","Twenty first"],
["20","Twentieth"],
["19","Nineteenth"],
["18","Eighteenth"],
["17","Seventeenth"],
["16","Sixteenth"],
["15","Fifteenth"],
["14","Fourteenth"],
["13","Thirteenth"],
["12","Twelfth"],
["11","Eleventh"],
["10","Tenth"],
["9","Ninth"],
["8","Eighth"],
["7","Seventh"],
["6","Sixth"],
["5","Fifth"],
["4","Fourth"],
["3","Third"],
["2","Second"],
["1","First"]
]