[
["failed","fail"],
["started","start"],
["prepared","prepare"],
["organized","organize"],
["conducted","conduct"],
["met","meet"],
["published","publish"],
["printed","print"],
["generated","generate"],
["downloaded","download"],
["signed","sign"],
["paid","pay"],
["shortlisted","shortlist"],
["registered","register"],
["ordered","order"],
["issued","issue"],
["opened","open"],
["closed","close"],
["required","require"],
["used", "use"],
["developed", "develop"],
["learned", "learn"],
["referred", "refer"],
["opened", "open"],
["formed", "form"],
["increased", "increase"],
["prepared", "prepare"],
["controlled", "control"],
["knew", "know"],
["went", "go"],
["concerned", "concern"],
["repeated", "repeat"],
["answered", "answer"],
["decided", "decide"],
["represented", "represent"],
["performed", "perform"],
["mattered", "matter"],
["considered", "consider"],
["remembered", "remember"],
["understood", "understand"],
["left", "leave"],
["arrived", "arrive"],
["applied", "apply"],
["admitted", "admit"],
["provided", "provide"],
["presented", "preset"],
["identified", "identify"],
["saved", "save"],
["shared", "share"],
["explained", "explain"],
["placed", "place"],
["charged", "charge"],
["reported", "report"],
["suggested", "suggest"],
["noticed", "notice"],
["failed", "fail"],
["received", "receive"],
["passed", "pass"],
["changed", "change"],
["gave", "give"],
["got","get"],
["was", "is"],
["presented", "present"],
["required", "require"],
["meant", "mean"],
["joined", "join"],
["resulted", "result"],
["studied", "study"],
["contained", "contain"],
["marked", "mark"],
["linked", "link"],
["helped", "help"],
["published", "publish"],
["paid", "pay"],
["said", "say"],
["made", "make"],
["complained", "complain"],
["did", "do"],
["began", "begin"],
["involved", "involve"],
["depended", "depend"],
["informed", "inform"],
["described", "describe"],
["had", "have"],
["started", "start"],
["introduced", "introduce"],

]